<ORGANIZATION>Chang Gung University</ORGANIZATION>
<ORGANIZATION>Ministry of Education of Taiwan</ORGANIZATION> 
<GRANT>EMRPD190041</GRANT>
<LOCATION>Republic of China</LOCATION>
<ORGANIZATION>Chang Gung Memorial Hospital</ORGANIZATION>
<GRANT>CMRPG371253</GRANT>
<GRANT>CMRPD190602</GRANT>
<GRANT>CLRPD190011</GRANT>
<ORGANIZATION>National Health Research Institutes</ORGANIZATION>
<GRANT>NHRI-EX101-10015BI</GRANT>
<ORGANIZATION>National Science Council of Taiwan</ORGANIZATION>
<LOCATION>Republic of China</LOCATION>
<GRANT>NSC99-2320-B-182-017-MY3</GRANT>
<GRANT>NSC99-2923-B-182-002-MY2</GRANT>