<ORGANIZATION>CNPq</ORGANIZATION>
<GRANT>CA 05/2003AI</GRANT>
<GRANT>Edital 032003-AT</GRANT>
<ORGANIZATION>FAPEMIG</ORGANIZATION>
<GRANT>CAG-1655/05</GRANT>