<ORGANIZATION>All India Council for Technical Education (AICTE)</ORGANIZATION>