<PERSON>Ms L Garc ́ıa</PERSON>
<PERSON>Mr R Mart ́ınez</PERSON>
<ORGANIZATION>General Surgery Department</ORGANIZATION>
<ORGANIZATION>Vall d’Hebron Hospital</ORGANIZATION>
<ORGANIZATION>Spanish Ministry of Health Grant FIS 97/ 0932</ORGANIZATION>